// Jest Snapshot v1, https://goo.gl/fbAQLP

exports[`ModalHeader with classNames 1`] = `
Snapshot Diff:
- Default Render
+ Current Render: {"className":"className","descriptionClassName":"descriptionClassName","iconClassName":"iconClassName","titleClassName":"titleClassName"}

@@ --- --- @@
  <div
-   class="container"
+   class="container className"
  >
    <p
      aria-level="1"
-     class="title"
+     class="titleClassName title"
      id="modal-title-id"
      role="heading"
    >
`;

exports[`ModalHeader with close button hidden 1`] = `
Snapshot Diff:
- Default Render
+ Current Render: {"hideCloseButton":true}

@@ --- --- @@
    >
      Default title
    </p>
-   <div
-     class="closeButton"
-   >
-     <div
-       class="iconButtonContainer"
-     >
-       <span
-         class="referenceWrapper"
-       >
-         <button
-           aria-busy="false"
-           aria-disabled="false"
-           aria-label="close"
-           class="l3_style_circle_button l3-style-button l3-style-button--size-medium l3-style-button--kind-tertiary l3-style-button--color-primary l3-style-button--no-side-padding"
-           data-testid="icon-button"
-           style="justify-content: center; align-items: center; padding: 0px; width: 36px; height: 36px;"
-           type="button"
-         >
-           <svg
-             aria-hidden="true"
-             class="icon_component icon-button-padding icon_component--no-focus-style"
-             fill="currentColor"
-             height="16"
-             viewBox="0 0 20 20"
-             width="16"
-           >
-             <path
-               clip-rule="evenodd"
-               d="M3.53033 2.46967C3.23744 2.17678 2.76256 2.17678 2.46967 2.46967C2.17678 2.76256 2.17678 3.23744 2.46967 3.53033L8.97639 10.037L2.47093 16.5425C2.17804 16.8354 2.17804 17.3103 2.47093 17.6032C2.76382 17.8961 3.2387 17.8961 3.53159 17.6032L10.037 11.0977L16.5425 17.6032C16.8354 17.8961 17.3103 17.8961 17.6032 17.6032C17.8961 17.3103 17.8961 16.8354 17.6032 16.5425L11.0977 10.037L17.6044 3.53033C17.8973 3.23744 17.8973 2.76256 17.6044 2.46967C17.3115 2.17678 16.8367 2.17678 16.5438 2.46967L10.037 8.97639L3.53033 2.46967Z"
-               fill="currentColor"
-               fill-rule="evenodd"
-             />
-           </svg>
-         </button>
-       </span>
-     </div>
-   </div>
  </div>
`;

exports[`ModalHeader with description 1`] = `
Snapshot Diff:
- Default Render
+ Current Render: {"description":"description"}

@@ --- --- @@
      Default title
    </p>
    <div
+     class="description"
+   >
+     description
+   </div>
+   <div
      class="closeButton"
    >
      <div
`;

exports[`ModalHeader with icon 1`] = `
Snapshot Diff:
- Default Render
+ Current Render: {}

@@ --- --- @@
      id="modal-title-id"
      role="heading"
    >
+     <span
+       class="icon"
+     >
+       <svg
+         aria-hidden="true"
+         class="icon_component icon_component--no-focus-style"
+         fill="currentColor"
+         height="24"
+         viewBox="0 0 40 40"
+         width="24"
+       >
+         <g
+           filter="url(#filter0_bd_718_13602)"
+         >
+           <path
+             clip-rule="evenodd"
+             d="M32 20C32 26.6274 26.6274 32 20 32C13.3726 32 8 26.6274 8 20C8 13.3726 13.3726 8 20 8C26.6274 8 32 13.3726 32 20ZM19.2827 11.6184C19.5012 11.4941 19.7483 11.4286 20 11.4286C20.2517 11.4286 20.4988 11.4941 20.7173 11.6184L26.9782 15.1809C27.2025 15.3086 27.3884 15.4935 27.5175 15.7161C27.6465 15.9388 27.7143 16.1915 27.7143 16.4485V23.5515C27.7143 23.8085 27.6465 24.0612 27.5175 24.2839C27.3884 24.5065 27.2025 24.6914 26.9782 24.8191L20.7173 28.3816C20.4988 28.5059 20.2517 28.5714 20 28.5714C19.7483 28.5714 19.5012 28.5059 19.2827 28.3816L13.0218 24.8191C12.7975 24.6914 12.6116 24.5065 12.4825 24.2839C12.3535 24.0612 12.2857 23.8085 12.2857 23.5515V16.4485C12.2857 16.1915 12.3535 15.9388 12.4825 15.7161C12.6116 15.4935 12.7975 15.3086 13.0218 15.1809L19.2827 11.6184ZM20 13.1827L14 16.5967V23.4033L20 26.8173L26 23.4033V16.5967L20 13.1827ZM18.1729 19.9987C18.1729 18.9749 18.9958 18.1547 19.999 18.1547C21.0021 18.1547 21.825 18.9749 21.825 19.9987C21.825 21.0226 21.0021 21.8428 19.999 21.8428C18.9958 21.8428 18.1729 21.0226 18.1729 19.9987ZM19.999 16.4404C18.0383 16.4404 16.4586 18.0389 16.4586 19.9987C16.4586 21.9586 18.0383 23.5571 19.999 23.5571C21.9596 23.5571 23.5393 21.9586 23.5393 19.9987C23.5393 18.0389 21.9596 16.4404 19.999 16.4404Z"
+             fill="#fff"
+             fill-rule="evenodd"
+           />
+         </g>
+         <defs>
+           <filter
+             color-interpolation-filters="sRGB"
+             filterUnits="userSpaceOnUse"
+             height="60"
+             id="filter0_bd_718_13602"
+             width="60"
+             x="-10"
+             y="-10"
+           >
+             <feflood
+               flood-opacity="0"
+               result="BackgroundImageFix"
+             />
+             <fegaussianblur
+               in="BackgroundImageFix"
+               stdDeviation="5"
+             />
+             <fecomposite
+               in2="SourceAlpha"
+               operator="in"
+               result="effect1_backgroundBlur_718_13602"
+             />
+             <fecolormatrix
+               in="SourceAlpha"
+               result="hardAlpha"
+               values="0 0 0 0 0 0 0 0 0 0 0 0 0 0 0 0 0 0 127 0"
+             />
+             <feoffset
+               dy="1"
+             />
+             <fegaussianblur
+               stdDeviation="1.5"
+             />
+             <fecolormatrix
+               values="0 0 0 0 0 0 0 0 0 0 0 0 0 0 0 0 0 0 0.2 0"
+             />
+             <feblend
+               in2="effect1_backgroundBlur_718_13602"
+               result="effect2_dropShadow_718_13602"
+             />
+             <feblend
+               in="SourceGraphic"
+               in2="effect2_dropShadow_718_13602"
+               result="shape"
+             />
+           </filter>
+         </defs>
+       </svg>
+     </span>
      Default title
    </p>
    <div
`;

exports[`ModalHeader with required props 1`] = `
<div
  class="container"
>
  <p
    aria-level="1"
    class="title"
    id="modal-title-id"
    role="heading"
  >
    Default title
  </p>
  <div
    class="closeButton"
  >
    <div
      class="iconButtonContainer"
    >
      <span
        class="referenceWrapper"
      >
        <button
          aria-busy="false"
          aria-disabled="false"
          aria-label="close"
          class="l3_style_circle_button l3-style-button l3-style-button--size-medium l3-style-button--kind-tertiary l3-style-button--color-primary l3-style-button--no-side-padding"
          data-testid="icon-button"
          style="justify-content: center; align-items: center; padding: 0px; width: 36px; height: 36px;"
          type="button"
        >
          <svg
            aria-hidden="true"
            class="icon_component icon-button-padding icon_component--no-focus-style"
            fill="currentColor"
            height="16"
            viewBox="0 0 20 20"
            width="16"
          >
            <path
              clip-rule="evenodd"
              d="M3.53033 2.46967C3.23744 2.17678 2.76256 2.17678 2.46967 2.46967C2.17678 2.76256 2.17678 3.23744 2.46967 3.53033L8.97639 10.037L2.47093 16.5425C2.17804 16.8354 2.17804 17.3103 2.47093 17.6032C2.76382 17.8961 3.2387 17.8961 3.53159 17.6032L10.037 11.0977L16.5425 17.6032C16.8354 17.8961 17.3103 17.8961 17.6032 17.6032C17.8961 17.3103 17.8961 16.8354 17.6032 16.5425L11.0977 10.037L17.6044 3.53033C17.8973 3.23744 17.8973 2.76256 17.6044 2.46967C17.3115 2.17678 16.8367 2.17678 16.5438 2.46967L10.037 8.97639L3.53033 2.46967Z"
              fill="currentColor"
              fill-rule="evenodd"
            />
          </svg>
        </button>
      </span>
    </div>
  </div>
</div>
`;
