// Jest Snapshot v1, https://goo.gl/fbAQLP

exports[`Toast renders correctly (renders nothing) with empty props 1`] = `
<div
  aria-live="polite"
  className="l3-style-toast l3-style-toast--type-positive"
  role="alert"
>
  <div
    className="l3-style-toast-icon-large"
  >
    <div
      style={
        Object {
          "alignItems": "center",
          "border": "2px solid white",
          "borderRadius": "50%",
          "display": "flex",
          "height": "37.78px",
          "marginLeft": "-10px",
          "width": "37.78px",
        }
      }
    >
      <div
        style={
          Object {
            "alignItems": "center",
            "background": "black",
            "borderRadius": "50%",
            "display": "flex",
            "height": "33.9px",
            "margin": 0,
            "padding": "10px",
            "width": "33.9px",
          }
        }
      >
        <svg
          fill="none"
          height="12"
          viewBox="0 0 16 12"
          width="16"
          xmlns="http://www.w3.org/2000/svg"
        >
          <path
            d="M5.9268 11.9725L0.865723 6.9114L2.68746 5.08966L5.9268 8.329L13.3163 0.939453L15.1381 2.76119L5.9268 11.9725Z"
            fill="white"
          />
        </svg>
      </div>
    </div>
  </div>
  <div
    className="l3-style-toast-content"
  >
    <div
      className="l3-style-toast-label"
    >
      Label
    </div>
    <div
      className="l3-style-toast-paragraph"
    >
      paragraph
    </div>
  </div>
  <button
    aria-busy={false}
    aria-disabled={false}
    aria-label="close-toast"
    className="l3-style-toast_close-button l3-style-button l3-style-button--size-small l3-style-button--kind-tertiary l3-style-button--color-on-primary-color"
    data-testid="button"
    onBlur={[Function]}
    onClick={[Function]}
    onFocus={[Function]}
    onMouseDown={[Function]}
    onMouseUp={[Function]}
    type="button"
  >
    <svg
      aria-hidden={true}
      className="icon_component icon_component--no-focus-style"
      fill="currentColor"
      height="24px"
      onClick={[Function]}
      viewBox="0 0 72 72"
      width="24px"
    >
      <path
        clipRule="evenodd"
        d="M4.5559 4.55593C5.99976 3.11206 7.95806 2.3009 10 2.3009C12.0419 2.3009 14.0002 3.11206 15.4441 4.55593C16.888 5.99979 17.6991 7.9581 17.6991 10C17.6991 12.042 16.888 14.0003 15.4441 15.4441C14.0002 16.888 12.0419 17.6992 10 17.6992C7.95806 17.6992 5.99976 16.888 4.5559 15.4441C3.11203 14.0003 2.30087 12.042 2.30087 10C2.30087 7.9581 3.11203 5.99979 4.5559 4.55593ZM10 3.8009C8.35589 3.8009 6.77912 4.45402 5.61656 5.61659C4.45399 6.77915 3.80087 8.35592 3.80087 10C3.80087 11.6441 4.45399 13.2209 5.61656 14.3835C6.77912 15.546 8.35589 16.1992 10 16.1992C11.6441 16.1992 13.2209 15.546 14.3834 14.3835C15.546 13.2209 16.1991 11.6441 16.1991 10C16.1991 8.35592 15.546 6.77915 14.3834 5.61659C13.2209 4.45402 11.6441 3.8009 10 3.8009ZM10 9.25006C10.4142 9.25006 10.75 9.58585 10.75 10.0001V13.4746C10.75 13.8888 10.4142 14.2246 10 14.2246C9.58579 14.2246 9.25 13.8888 9.25 13.4746V10.0001C9.25 9.58585 9.58579 9.25006 10 9.25006ZM9.54135 6.21669C9.7058 6.10681 9.89914 6.04816 10.0969 6.04816C10.3621 6.04816 10.6165 6.15351 10.804 6.34105C10.9916 6.52859 11.0969 6.78294 11.0969 7.04816C11.0969 7.24593 11.0383 7.43927 10.9284 7.60373C10.8185 7.76818 10.6623 7.89635 10.4796 7.97204C10.2969 8.04772 10.0958 8.06753 9.90183 8.02894C9.70786 7.99036 9.52967 7.89512 9.38982 7.75526C9.24996 7.61541 9.15472 7.43722 9.11614 7.24325C9.07755 7.04927 9.09736 6.8482 9.17304 6.66547C9.24873 6.48275 9.3769 6.32657 9.54135 6.21669Z"
        fill="currentColor"
        fillRule="evenodd"
      />
    </svg>
  </button>
</div>
`;

exports[`Toast renders correctly and don't renders close button if closeable=false 1`] = `
<div
  aria-live="polite"
  className="l3-style-toast l3-style-toast--type-positive"
  role="alert"
>
  <div
    className="l3-style-toast-icon-large"
  >
    <div
      style={
        Object {
          "alignItems": "center",
          "border": "2px solid white",
          "borderRadius": "50%",
          "display": "flex",
          "height": "37.78px",
          "marginLeft": "-10px",
          "width": "37.78px",
        }
      }
    >
      <div
        style={
          Object {
            "alignItems": "center",
            "background": "black",
            "borderRadius": "50%",
            "display": "flex",
            "height": "33.9px",
            "margin": 0,
            "padding": "10px",
            "width": "33.9px",
          }
        }
      >
        <svg
          fill="none"
          height="12"
          viewBox="0 0 16 12"
          width="16"
          xmlns="http://www.w3.org/2000/svg"
        >
          <path
            d="M5.9268 11.9725L0.865723 6.9114L2.68746 5.08966L5.9268 8.329L13.3163 0.939453L15.1381 2.76119L5.9268 11.9725Z"
            fill="white"
          />
        </svg>
      </div>
    </div>
  </div>
  <div
    className="l3-style-toast-content"
  >
    <div
      className="l3-style-toast-label"
    >
      Label
    </div>
    <div
      className="l3-style-toast-paragraph"
    >
      paragraph
    </div>
  </div>
</div>
`;

exports[`Toast renders correctly renders nothing when open is false 1`] = `null`;

exports[`Toast renders correctly when icon is hidden 1`] = `
<div
  aria-live="polite"
  className="l3-style-toast l3-style-toast--type-positive"
  role="alert"
>
  <div
    className="l3-style-toast-icon-large"
  />
  <div
    className="l3-style-toast-content l3-style-toast-content-no-icon"
  >
    <div
      className="l3-style-toast-label"
    >
      Label
    </div>
    <div
      className="l3-style-toast-paragraph"
    >
      paragraph
    </div>
  </div>
  <button
    aria-busy={false}
    aria-disabled={false}
    aria-label="close-toast"
    className="l3-style-toast_close-button l3-style-button l3-style-button--size-small l3-style-button--kind-tertiary l3-style-button--color-on-primary-color"
    data-testid="button"
    onBlur={[Function]}
    onClick={[Function]}
    onFocus={[Function]}
    onMouseDown={[Function]}
    onMouseUp={[Function]}
    type="button"
  >
    <svg
      aria-hidden={true}
      className="icon_component icon_component--no-focus-style"
      fill="currentColor"
      height="24px"
      onClick={[Function]}
      viewBox="0 0 20 20"
      width="24px"
    >
      <path
        clipRule="evenodd"
        d="M4.5559 4.55593C5.99976 3.11206 7.95806 2.3009 10 2.3009C12.0419 2.3009 14.0002 3.11206 15.4441 4.55593C16.888 5.99979 17.6991 7.9581 17.6991 10C17.6991 12.042 16.888 14.0003 15.4441 15.4441C14.0002 16.888 12.0419 17.6992 10 17.6992C7.95806 17.6992 5.99976 16.888 4.5559 15.4441C3.11203 14.0003 2.30087 12.042 2.30087 10C2.30087 7.9581 3.11203 5.99979 4.5559 4.55593ZM10 3.8009C8.35589 3.8009 6.77912 4.45402 5.61656 5.61659C4.45399 6.77915 3.80087 8.35592 3.80087 10C3.80087 11.6441 4.45399 13.2209 5.61656 14.3835C6.77912 15.546 8.35589 16.1992 10 16.1992C11.6441 16.1992 13.2209 15.546 14.3834 14.3835C15.546 13.2209 16.1991 11.6441 16.1991 10C16.1991 8.35592 15.546 6.77915 14.3834 5.61659C13.2209 4.45402 11.6441 3.8009 10 3.8009ZM10 9.25006C10.4142 9.25006 10.75 9.58585 10.75 10.0001V13.4746C10.75 13.8888 10.4142 14.2246 10 14.2246C9.58579 14.2246 9.25 13.8888 9.25 13.4746V10.0001C9.25 9.58585 9.58579 9.25006 10 9.25006ZM9.54135 6.21669C9.7058 6.10681 9.89914 6.04816 10.0969 6.04816C10.3621 6.04816 10.6165 6.15351 10.804 6.34105C10.9916 6.52859 11.0969 6.78294 11.0969 7.04816C11.0969 7.24593 11.0383 7.43927 10.9284 7.60373C10.8185 7.76818 10.6623 7.89635 10.4796 7.97204C10.2969 8.04772 10.0958 8.06753 9.90183 8.02894C9.70786 7.99036 9.52967 7.89512 9.38982 7.75526C9.24996 7.61541 9.15472 7.43722 9.11614 7.24325C9.07755 7.04927 9.09736 6.8482 9.17304 6.66547C9.24873 6.48275 9.3769 6.32657 9.54135 6.21669Z"
        fill="currentColor"
        fillRule="evenodd"
      />
    </svg>
  </button>
</div>
`;

exports[`Toast renders correctly when open is true 1`] = `
<div
  aria-live="polite"
  className="l3-style-toast l3-style-toast--type-positive"
  role="alert"
>
  <div
    className="l3-style-toast-icon-large"
  >
    <div
      style={
        Object {
          "alignItems": "center",
          "border": "2px solid white",
          "borderRadius": "50%",
          "display": "flex",
          "height": "37.78px",
          "marginLeft": "-10px",
          "width": "37.78px",
        }
      }
    >
      <div
        style={
          Object {
            "alignItems": "center",
            "background": "black",
            "borderRadius": "50%",
            "display": "flex",
            "height": "33.9px",
            "margin": 0,
            "padding": "10px",
            "width": "33.9px",
          }
        }
      >
        <svg
          fill="none"
          height="12"
          viewBox="0 0 16 12"
          width="16"
          xmlns="http://www.w3.org/2000/svg"
        >
          <path
            d="M5.9268 11.9725L0.865723 6.9114L2.68746 5.08966L5.9268 8.329L13.3163 0.939453L15.1381 2.76119L5.9268 11.9725Z"
            fill="white"
          />
        </svg>
      </div>
    </div>
  </div>
  <div
    className="l3-style-toast-content"
  >
    <div
      className="l3-style-toast-label"
    >
      Label
    </div>
    <div
      className="l3-style-toast-paragraph"
    >
      paragraph
    </div>
  </div>
  <button
    aria-busy={false}
    aria-disabled={false}
    aria-label="close-toast"
    className="l3-style-toast_close-button l3-style-button l3-style-button--size-small l3-style-button--kind-tertiary l3-style-button--color-on-primary-color"
    data-testid="button"
    onBlur={[Function]}
    onClick={[Function]}
    onFocus={[Function]}
    onMouseDown={[Function]}
    onMouseUp={[Function]}
    type="button"
  >
    <svg
      fill="none"
      height="16"
      viewBox="0 0 16 16"
      width="16"
      xmlns="http://www.w3.org/2000/svg"
    >
      <path
        clip-rule="evenodd"
        d="M0.505077 0.292893C0.895601 -0.0976311 1.52877 -0.0976311 1.91929 0.292893L8 6.3736L14.0807 0.292893C14.4712 -0.0976311 15.1044 -0.0976311 15.4949 0.292893C15.8855 0.683418 15.8855 1.31658 15.4949 1.70711L9.41421 7.78782L15.7071 14.0807C16.0976 14.4712 16.0976 15.1044 15.7071 15.4949C15.3166 15.8854 14.6834 15.8854 14.2929 15.4949L8 9.20203L1.70711 15.4949C1.31658 15.8854 0.683417 15.8854 0.292893 15.4949C-0.0976311 15.1044 -0.0976311 14.4712 0.292893 14.0807L6.58579 7.78782L0.505077 1.70711C0.114552 1.31658 0.114553 0.683418 0.505077 0.292893Z"
        fill="black"
        fill-opacity="0.5"
        fill-rule="evenodd"
      />
    </svg>
  </button>
</div>
`;

exports[`Toast renders correctly with button 1`] = `
<div
  aria-live="polite"
  className="l3-style-toast l3-style-toast--type-positive"
  role="alert"
>
  <div
    className="l3-style-toast-icon-large"
  >
    <svg
      aria-hidden={true}
      className="icon_component icon_component--no-focus-style"
      fill="currentColor"
      height="24px"
      onClick={[Function]}
      viewBox="0 0 20 20"
      width="24px"
    >
      <path
        clipRule="evenodd"
        d="M4.5559 4.55593C5.99976 3.11206 7.95806 2.3009 10 2.3009C12.0419 2.3009 14.0002 3.11206 15.4441 4.55593C16.888 5.99979 17.6991 7.9581 17.6991 10C17.6991 12.042 16.888 14.0003 15.4441 15.4441C14.0002 16.888 12.0419 17.6992 10 17.6992C7.95806 17.6992 5.99976 16.888 4.5559 15.4441C3.11203 14.0003 2.30087 12.042 2.30087 10C2.30087 7.9581 3.11203 5.99979 4.5559 4.55593ZM10 3.8009C8.35589 3.8009 6.77912 4.45402 5.61656 5.61659C4.45399 6.77915 3.80087 8.35592 3.80087 10C3.80087 11.6441 4.45399 13.2209 5.61656 14.3835C6.77912 15.546 8.35589 16.1992 10 16.1992C11.6441 16.1992 13.2209 15.546 14.3834 14.3835C15.546 13.2209 16.1991 11.6441 16.1991 10C16.1991 8.35592 15.546 6.77915 14.3834 5.61659C13.2209 4.45402 11.6441 3.8009 10 3.8009ZM10 9.25006C10.4142 9.25006 10.75 9.58585 10.75 10.0001V13.4746C10.75 13.8888 10.4142 14.2246 10 14.2246C9.58579 14.2246 9.25 13.8888 9.25 13.4746V10.0001C9.25 9.58585 9.58579 9.25006 10 9.25006ZM9.54135 6.21669C9.7058 6.10681 9.89914 6.04816 10.0969 6.04816C10.3621 6.04816 10.6165 6.15351 10.804 6.34105C10.9916 6.52859 11.0969 6.78294 11.0969 7.04816C11.0969 7.24593 11.0383 7.43927 10.9284 7.60373C10.8185 7.76818 10.6623 7.89635 10.4796 7.97204C10.2969 8.04772 10.0958 8.06753 9.90183 8.02894C9.70786 7.99036 9.52967 7.89512 9.38982 7.75526C9.24996 7.61541 9.15472 7.43722 9.11614 7.24325C9.07755 7.04927 9.09736 6.8482 9.17304 6.66547C9.24873 6.48275 9.3769 6.32657 9.54135 6.21669Z"
        fill="currentColor"
        fillRule="evenodd"
      />
    </svg>
  </div>
  <div
    className="l3-style-toast-content"
  >
    <div
      className="l3-style-toast-label"
    >
      Label
    </div>
    <div
      className="l3-style-toast-paragraph"
    >
      paragraph
    </div>
  </div>
  <div
    className="l3-style-toast-action"
  >
    <button
      aria-busy={false}
      aria-disabled={false}
      className="l3-style-toast-action_button l3-style-button l3-style-button--size-small l3-style-button--kind-secondary l3-style-button--color-on-primary-color"
      data-testid="button"
      onBlur={[Function]}
      onClick={[Function]}
      onFocus={[Function]}
      onMouseDown={[Function]}
      onMouseUp={[Function]}
      type="button"
    >
      Undo 5
    </button>
  </div>
  <button
    aria-busy={false}
    aria-disabled={false}
    aria-label="close-toast"
    className="l3-style-toast_close-button l3-style-button l3-style-button--size-small l3-style-button--kind-tertiary l3-style-button--color-on-primary-color"
    data-testid="button"
    onBlur={[Function]}
    onClick={[Function]}
    onFocus={[Function]}
    onMouseDown={[Function]}
    onMouseUp={[Function]}
    type="button"
  >
    <svg
      fill="none"
      height="16"
      viewBox="0 0 16 16"
      width="16"
      xmlns="http://www.w3.org/2000/svg"
    >
      <path
        clip-rule="evenodd"
        d="M0.505077 0.292893C0.895601 -0.0976311 1.52877 -0.0976311 1.91929 0.292893L8 6.3736L14.0807 0.292893C14.4712 -0.0976311 15.1044 -0.0976311 15.4949 0.292893C15.8855 0.683418 15.8855 1.31658 15.4949 1.70711L9.41421 7.78782L15.7071 14.0807C16.0976 14.4712 16.0976 15.1044 15.7071 15.4949C15.3166 15.8854 14.6834 15.8854 14.2929 15.4949L8 9.20203L1.70711 15.4949C1.31658 15.8854 0.683417 15.8854 0.292893 15.4949C-0.0976311 15.1044 -0.0976311 14.4712 0.292893 14.0807L6.58579 7.78782L0.505077 1.70711C0.114552 1.31658 0.114553 0.683418 0.505077 0.292893Z"
        fill="black"
        fill-opacity="0.5"
        fill-rule="evenodd"
      />
    </svg>
  </button>
</div>
`;

exports[`Toast renders correctly with button and link 1`] = `
<div
  aria-live="polite"
  className="l3-style-toast l3-style-toast--type-positive"
  role="alert"
>
  <div
    className="l3-style-toast-icon-large"
  >
    <svg
      aria-hidden={true}
      className="icon_component icon_component--no-focus-style"
      fill="currentColor"
      height="24px"
      onClick={[Function]}
      viewBox="0 0 20 20"
      width="24px"
    >
      <path
        clipRule="evenodd"
        d="M4.5559 4.55593C5.99976 3.11206 7.95806 2.3009 10 2.3009C12.0419 2.3009 14.0002 3.11206 15.4441 4.55593C16.888 5.99979 17.6991 7.9581 17.6991 10C17.6991 12.042 16.888 14.0003 15.4441 15.4441C14.0002 16.888 12.0419 17.6992 10 17.6992C7.95806 17.6992 5.99976 16.888 4.5559 15.4441C3.11203 14.0003 2.30087 12.042 2.30087 10C2.30087 7.9581 3.11203 5.99979 4.5559 4.55593ZM10 3.8009C8.35589 3.8009 6.77912 4.45402 5.61656 5.61659C4.45399 6.77915 3.80087 8.35592 3.80087 10C3.80087 11.6441 4.45399 13.2209 5.61656 14.3835C6.77912 15.546 8.35589 16.1992 10 16.1992C11.6441 16.1992 13.2209 15.546 14.3834 14.3835C15.546 13.2209 16.1991 11.6441 16.1991 10C16.1991 8.35592 15.546 6.77915 14.3834 5.61659C13.2209 4.45402 11.6441 3.8009 10 3.8009ZM10 9.25006C10.4142 9.25006 10.75 9.58585 10.75 10.0001V13.4746C10.75 13.8888 10.4142 14.2246 10 14.2246C9.58579 14.2246 9.25 13.8888 9.25 13.4746V10.0001C9.25 9.58585 9.58579 9.25006 10 9.25006ZM9.54135 6.21669C9.7058 6.10681 9.89914 6.04816 10.0969 6.04816C10.3621 6.04816 10.6165 6.15351 10.804 6.34105C10.9916 6.52859 11.0969 6.78294 11.0969 7.04816C11.0969 7.24593 11.0383 7.43927 10.9284 7.60373C10.8185 7.76818 10.6623 7.89635 10.4796 7.97204C10.2969 8.04772 10.0958 8.06753 9.90183 8.02894C9.70786 7.99036 9.52967 7.89512 9.38982 7.75526C9.24996 7.61541 9.15472 7.43722 9.11614 7.24325C9.07755 7.04927 9.09736 6.8482 9.17304 6.66547C9.24873 6.48275 9.3769 6.32657 9.54135 6.21669Z"
        fill="currentColor"
        fillRule="evenodd"
      />
    </svg>
  </div>
  <div
    className="l3-style-toast-content"
  >
    <div
      className="l3-style-toast-label"
    >
      Label
    </div>
    <div
      className="l3-style-toast-paragraph"
    >
      paragraph
    </div>
  </div>
  <div
    className="l3-style-toast-action"
  >
    <button
      aria-busy={false}
      aria-disabled={false}
      className="l3-style-toast-action_button l3-style-button l3-style-button--size-small l3-style-button--kind-secondary l3-style-button--color-on-primary-color"
      data-testid="button"
      onBlur={[Function]}
      onClick={[Function]}
      onFocus={[Function]}
      onMouseDown={[Function]}
      onMouseUp={[Function]}
      type="button"
    >
      Undo 5
    </button>
  </div>
  <button
    aria-busy={false}
    aria-disabled={false}
    aria-label="close-toast"
    className="l3-style-toast_close-button l3-style-button l3-style-button--size-small l3-style-button--kind-tertiary l3-style-button--color-on-primary-color"
    data-testid="button"
    onBlur={[Function]}
    onClick={[Function]}
    onFocus={[Function]}
    onMouseDown={[Function]}
    onMouseUp={[Function]}
    type="button"
  >
    <svg
      fill="none"
      height="16"
      viewBox="0 0 16 16"
      width="16"
      xmlns="http://www.w3.org/2000/svg"
    >
      <path
        clip-rule="evenodd"
        d="M0.505077 0.292893C0.895601 -0.0976311 1.52877 -0.0976311 1.91929 0.292893L8 6.3736L14.0807 0.292893C14.4712 -0.0976311 15.1044 -0.0976311 15.4949 0.292893C15.8855 0.683418 15.8855 1.31658 15.4949 1.70711L9.41421 7.78782L15.7071 14.0807C16.0976 14.4712 16.0976 15.1044 15.7071 15.4949C15.3166 15.8854 14.6834 15.8854 14.2929 15.4949L8 9.20203L1.70711 15.4949C1.31658 15.8854 0.683417 15.8854 0.292893 15.4949C-0.0976311 15.1044 -0.0976311 14.4712 0.292893 14.0807L6.58579 7.78782L0.505077 1.70711C0.114552 1.31658 0.114553 0.683418 0.505077 0.292893Z"
        fill="black"
        fill-opacity="0.5"
        fill-rule="evenodd"
      />
    </svg>
  </button>
</div>
`;

exports[`Toast renders correctly with link 1`] = `
<div
  aria-live="polite"
  className="l3-style-toast l3-style-toast--type-positive"
  role="alert"
>
  <div
    className="l3-style-toast-icon-large"
  >
    <svg
      aria-hidden={true}
      className="icon_component icon_component--no-focus-style"
      fill="currentColor"
      height="24px"
      onClick={[Function]}
      viewBox="0 0 20 20"
      width="24px"
    >
      <path
        clipRule="evenodd"
        d="M4.5559 4.55593C5.99976 3.11206 7.95806 2.3009 10 2.3009C12.0419 2.3009 14.0002 3.11206 15.4441 4.55593C16.888 5.99979 17.6991 7.9581 17.6991 10C17.6991 12.042 16.888 14.0003 15.4441 15.4441C14.0002 16.888 12.0419 17.6992 10 17.6992C7.95806 17.6992 5.99976 16.888 4.5559 15.4441C3.11203 14.0003 2.30087 12.042 2.30087 10C2.30087 7.9581 3.11203 5.99979 4.5559 4.55593ZM10 3.8009C8.35589 3.8009 6.77912 4.45402 5.61656 5.61659C4.45399 6.77915 3.80087 8.35592 3.80087 10C3.80087 11.6441 4.45399 13.2209 5.61656 14.3835C6.77912 15.546 8.35589 16.1992 10 16.1992C11.6441 16.1992 13.2209 15.546 14.3834 14.3835C15.546 13.2209 16.1991 11.6441 16.1991 10C16.1991 8.35592 15.546 6.77915 14.3834 5.61659C13.2209 4.45402 11.6441 3.8009 10 3.8009ZM10 9.25006C10.4142 9.25006 10.75 9.58585 10.75 10.0001V13.4746C10.75 13.8888 10.4142 14.2246 10 14.2246C9.58579 14.2246 9.25 13.8888 9.25 13.4746V10.0001C9.25 9.58585 9.58579 9.25006 10 9.25006ZM9.54135 6.21669C9.7058 6.10681 9.89914 6.04816 10.0969 6.04816C10.3621 6.04816 10.6165 6.15351 10.804 6.34105C10.9916 6.52859 11.0969 6.78294 11.0969 7.04816C11.0969 7.24593 11.0383 7.43927 10.9284 7.60373C10.8185 7.76818 10.6623 7.89635 10.4796 7.97204C10.2969 8.04772 10.0958 8.06753 9.90183 8.02894C9.70786 7.99036 9.52967 7.89512 9.38982 7.75526C9.24996 7.61541 9.15472 7.43722 9.11614 7.24325C9.07755 7.04927 9.09736 6.8482 9.17304 6.66547C9.24873 6.48275 9.3769 6.32657 9.54135 6.21669Z"
        fill="currentColor"
        fillRule="evenodd"
      />
    </svg>
  </div>
  <div
    className="l3-style-toast-content"
  >
    <div
      className="l3-style-toast-label"
    >
      Label
    </div>
    <div
      className="l3-style-toast-paragraph"
    >
      paragraph
    </div>
  </div>
  <div
    className="l3-style-toast-action"
  />
  <button
    aria-busy={false}
    aria-disabled={false}
    aria-label="close-toast"
    className="l3-style-toast_close-button l3-style-button l3-style-button--size-small l3-style-button--kind-tertiary l3-style-button--color-on-primary-color"
    data-testid="button"
    onBlur={[Function]}
    onClick={[Function]}
    onFocus={[Function]}
    onMouseDown={[Function]}
    onMouseUp={[Function]}
    type="button"
  >
    <svg
      fill="none"
      height="16"
      viewBox="0 0 16 16"
      width="16"
      xmlns="http://www.w3.org/2000/svg"
    >
      <path
        clip-rule="evenodd"
        d="M0.505077 0.292893C0.895601 -0.0976311 1.52877 -0.0976311 1.91929 0.292893L8 6.3736L14.0807 0.292893C14.4712 -0.0976311 15.1044 -0.0976311 15.4949 0.292893C15.8855 0.683418 15.8855 1.31658 15.4949 1.70711L9.41421 7.78782L15.7071 14.0807C16.0976 14.4712 16.0976 15.1044 15.7071 15.4949C15.3166 15.8854 14.6834 15.8854 14.2929 15.4949L8 9.20203L1.70711 15.4949C1.31658 15.8854 0.683417 15.8854 0.292893 15.4949C-0.0976311 15.1044 -0.0976311 14.4712 0.292893 14.0807L6.58579 7.78782L0.505077 1.70711C0.114552 1.31658 0.114553 0.683418 0.505077 0.292893Z"
        fill="black"
        fill-opacity="0.5"
        fill-rule="evenodd"
      />
    </svg>
  </button>
</div>
`;

exports[`Toast renders correctly with negative type 1`] = `
<div
  aria-live="polite"
  className="l3-style-toast l3-style-toast--type-negative"
  role="alert"
>
  <div
    className="l3-style-toast-icon-large"
  >
    <div
      style={
        Object {
          "alignItems": "center",
          "border": "2px solid white",
          "borderRadius": "50%",
          "display": "flex",
          "height": "37.78px",
          "marginLeft": "-10px",
          "width": "37.78px",
        }
      }
    >
      <div
        style={
          Object {
            "alignItems": "center",
            "background": "black",
            "borderRadius": "50%",
            "display": "flex",
            "height": "33.9px",
            "margin": 0,
            "padding": "15px",
            "width": "33.9px",
          }
        }
      >
        <svg
          fill="none"
          height="16"
          viewBox="0 0 4 16"
          width="4"
          xmlns="http://www.w3.org/2000/svg"
        >
          <path
            d="M2.02255 3.41831C1.5771 3.41831 1.20437 3.26832 0.895277 2.96832C0.586186 2.66832 0.431641 2.29558 0.431641 1.85013C0.431641 1.40922 0.586186 1.03649 0.895277 0.745583C1.20437 0.454674 1.5771 0.304688 2.02255 0.304688C2.468 0.304688 2.83619 0.450129 3.12709 0.745583C3.42255 1.04104 3.568 1.40922 3.568 1.85013C3.568 2.29558 3.42255 2.66377 3.12709 2.96832C2.83164 3.26832 2.46346 3.41831 2.02255 3.41831ZM3.418 15.6956H0.604368V4.60015H3.418V15.6956Z"
            fill="white"
          />
        </svg>
      </div>
    </div>
  </div>
  <div
    className="l3-style-toast-content"
  >
    <div
      className="l3-style-toast-label"
    >
      Label
    </div>
    <div
      className="l3-style-toast-paragraph"
    >
      paragraph
    </div>
  </div>
  <button
    aria-busy={false}
    aria-disabled={false}
    aria-label="close-toast"
    className="l3-style-toast_close-button l3-style-button l3-style-button--size-small l3-style-button--kind-tertiary l3-style-button--color-on-primary-color"
    data-testid="button"
    onBlur={[Function]}
    onClick={[Function]}
    onFocus={[Function]}
    onMouseDown={[Function]}
    onMouseUp={[Function]}
    type="button"
  >
    <svg
      fill="none"
      height="16"
      viewBox="0 0 16 16"
      width="16"
      xmlns="http://www.w3.org/2000/svg"
    >
      <path
        clip-rule="evenodd"
        d="M0.505077 0.292893C0.895601 -0.0976311 1.52877 -0.0976311 1.91929 0.292893L8 6.3736L14.0807 0.292893C14.4712 -0.0976311 15.1044 -0.0976311 15.4949 0.292893C15.8855 0.683418 15.8855 1.31658 15.4949 1.70711L9.41421 7.78782L15.7071 14.0807C16.0976 14.4712 16.0976 15.1044 15.7071 15.4949C15.3166 15.8854 14.6834 15.8854 14.2929 15.4949L8 9.20203L1.70711 15.4949C1.31658 15.8854 0.683417 15.8854 0.292893 15.4949C-0.0976311 15.1044 -0.0976311 14.4712 0.292893 14.0807L6.58579 7.78782L0.505077 1.70711C0.114552 1.31658 0.114553 0.683418 0.505077 0.292893Z"
        fill="black"
        fill-opacity="0.5"
        fill-rule="evenodd"
      />
    </svg>
  </button>
</div>
`;
