// Jest Snapshot v1, https://goo.gl/fbAQLP

exports[`IconButton renders correctly with 1`] = `
<div
  className="iconButtonContainer"
>
  <button
    aria-busy={false}
    aria-disabled={false}
    className="class-name l3-style-button l3-style-button--size-medium l3-style-button--kind-primary l3-style-button--color-primary l3-style-button--no-side-padding"
    data-testid="icon-button"
    onBlur={[Function]}
    onClick={[Function]}
    onFocus={[Function]}
    onMouseDown={[Function]}
    onMouseUp={[Function]}
    style={
      Object {
        "alignItems": "center",
        "height": "56px",
        "justifyContent": "center",
        "padding": 0,
        "width": "56px",
      }
    }
    type="button"
  >
    <svg
      aria-hidden={true}
      className="icon_component icon-button-padding icon_component--no-focus-style"
      fill="currentColor"
      height="20"
      onClick={[Function]}
      viewBox="0 0 20 20"
      width="20"
    >
      <path
        clipRule="evenodd"
        d="M3.53033 2.46967C3.23744 2.17678 2.76256 2.17678 2.46967 2.46967C2.17678 2.76256 2.17678 3.23744 2.46967 3.53033L8.97639 10.037L2.47093 16.5425C2.17804 16.8354 2.17804 17.3103 2.47093 17.6032C2.76382 17.8961 3.2387 17.8961 3.53159 17.6032L10.037 11.0977L16.5425 17.6032C16.8354 17.8961 17.3103 17.8961 17.6032 17.6032C17.8961 17.3103 17.8961 16.8354 17.6032 16.5425L11.0977 10.037L17.6044 3.53033C17.8973 3.23744 17.8973 2.76256 17.6044 2.46967C17.3115 2.17678 16.8367 2.17678 16.5438 2.46967L10.037 8.97639L3.53033 2.46967Z"
        fill="currentColor"
        fillRule="evenodd"
      />
    </svg>
  </button>
</div>
`;

exports[`IconButton renders correctly with active 1`] = `
<div
  className="iconButtonContainer"
>
  <button
    aria-busy={false}
    aria-disabled={false}
    className="l3-style-button l3-style-button--size-medium l3-style-button--kind-primary l3-style-button--color-primary l3-style-button--color-primary-active l3-style-button--no-side-padding"
    data-testid="icon-button"
    onBlur={[Function]}
    onClick={[Function]}
    onFocus={[Function]}
    onMouseDown={[Function]}
    onMouseUp={[Function]}
    style={
      Object {
        "alignItems": "center",
        "height": "56px",
        "justifyContent": "center",
        "padding": 0,
        "width": "56px",
      }
    }
    type="button"
  >
    <svg
      aria-hidden={true}
      className="icon_component icon-button-padding icon_component--no-focus-style"
      fill="currentColor"
      height="20"
      onClick={[Function]}
      viewBox="0 0 20 20"
      width="20"
    >
      <path
        clipRule="evenodd"
        d="M3.53033 2.46967C3.23744 2.17678 2.76256 2.17678 2.46967 2.46967C2.17678 2.76256 2.17678 3.23744 2.46967 3.53033L8.97639 10.037L2.47093 16.5425C2.17804 16.8354 2.17804 17.3103 2.47093 17.6032C2.76382 17.8961 3.2387 17.8961 3.53159 17.6032L10.037 11.0977L16.5425 17.6032C16.8354 17.8961 17.3103 17.8961 17.6032 17.6032C17.8961 17.3103 17.8961 16.8354 17.6032 16.5425L11.0977 10.037L17.6044 3.53033C17.8973 3.23744 17.8973 2.76256 17.6044 2.46967C17.3115 2.17678 16.8367 2.17678 16.5438 2.46967L10.037 8.97639L3.53033 2.46967Z"
        fill="currentColor"
        fillRule="evenodd"
      />
    </svg>
  </button>
</div>
`;

exports[`IconButton renders correctly with aria label 1`] = `
<div
  className="iconButtonContainer"
>
  <span
    className="referenceWrapper"
    onBlur={[Function]}
    onClick={[Function]}
    onFocus={[Function]}
    onKeyDown={[Function]}
    onMouseDown={[Function]}
    onMouseEnter={[Function]}
    onMouseLeave={[Function]}
  >
    <button
      aria-busy={false}
      aria-disabled={false}
      aria-label="My aria label"
      className="l3-style-button l3-style-button--size-medium l3-style-button--kind-primary l3-style-button--color-primary l3-style-button--no-side-padding"
      data-testid="icon-button"
      onBlur={[Function]}
      onClick={[Function]}
      onFocus={[Function]}
      onMouseDown={[Function]}
      onMouseUp={[Function]}
      style={
        Object {
          "alignItems": "center",
          "height": "56px",
          "justifyContent": "center",
          "padding": 0,
          "width": "56px",
        }
      }
      type="button"
    >
      <svg
        aria-hidden={true}
        className="icon_component icon-button-padding icon_component--no-focus-style"
        fill="currentColor"
        height="20"
        onClick={[Function]}
        viewBox="0 0 20 20"
        width="20"
      >
        <path
          clipRule="evenodd"
          d="M3.53033 2.46967C3.23744 2.17678 2.76256 2.17678 2.46967 2.46967C2.17678 2.76256 2.17678 3.23744 2.46967 3.53033L8.97639 10.037L2.47093 16.5425C2.17804 16.8354 2.17804 17.3103 2.47093 17.6032C2.76382 17.8961 3.2387 17.8961 3.53159 17.6032L10.037 11.0977L16.5425 17.6032C16.8354 17.8961 17.3103 17.8961 17.6032 17.6032C17.8961 17.3103 17.8961 16.8354 17.6032 16.5425L11.0977 10.037L17.6044 3.53033C17.8973 3.23744 17.8973 2.76256 17.6044 2.46967C17.3115 2.17678 16.8367 2.17678 16.5438 2.46967L10.037 8.97639L3.53033 2.46967Z"
          fill="currentColor"
          fillRule="evenodd"
        />
      </svg>
    </button>
  </span>
</div>
`;

exports[`IconButton renders correctly with disabled 1`] = `
<div
  className="iconButtonContainer"
>
  <button
    aria-busy={false}
    aria-disabled={true}
    className="l3-style-button l3-style-button--size-medium l3-style-button--kind-primary l3-style-button--color-primary l3-style-button--no-side-padding l3-style-button--disabled"
    data-testid="icon-button"
    onBlur={[Function]}
    onClick={[Function]}
    onFocus={[Function]}
    onMouseDown={[Function]}
    onMouseUp={[Function]}
    style={
      Object {
        "alignItems": "center",
        "height": "56px",
        "justifyContent": "center",
        "padding": 0,
        "width": "56px",
      }
    }
    type="button"
  >
    <svg
      aria-hidden={true}
      className="icon_component icon-button-padding icon_component--no-focus-style"
      fill="currentColor"
      height="20"
      onClick={[Function]}
      viewBox="0 0 20 20"
      width="20"
    >
      <path
        clipRule="evenodd"
        d="M3.53033 2.46967C3.23744 2.17678 2.76256 2.17678 2.46967 2.46967C2.17678 2.76256 2.17678 3.23744 2.46967 3.53033L8.97639 10.037L2.47093 16.5425C2.17804 16.8354 2.17804 17.3103 2.47093 17.6032C2.76382 17.8961 3.2387 17.8961 3.53159 17.6032L10.037 11.0977L16.5425 17.6032C16.8354 17.8961 17.3103 17.8961 17.6032 17.6032C17.8961 17.3103 17.8961 16.8354 17.6032 16.5425L11.0977 10.037L17.6044 3.53033C17.8973 3.23744 17.8973 2.76256 17.6044 2.46967C17.3115 2.17678 16.8367 2.17678 16.5438 2.46967L10.037 8.97639L3.53033 2.46967Z"
        fill="currentColor"
        fillRule="evenodd"
      />
    </svg>
  </button>
</div>
`;

exports[`IconButton renders correctly with empty props 1`] = `
<div
  className="iconButtonContainer"
>
  <button
    aria-busy={false}
    aria-disabled={false}
    className="l3-style-button l3-style-button--size-medium l3-style-button--kind-primary l3-style-button--color-primary l3-style-button--no-side-padding"
    data-testid="icon-button"
    onBlur={[Function]}
    onClick={[Function]}
    onFocus={[Function]}
    onMouseDown={[Function]}
    onMouseUp={[Function]}
    style={
      Object {
        "alignItems": "center",
        "height": "56px",
        "justifyContent": "center",
        "padding": 0,
        "width": "56px",
      }
    }
    type="button"
  >
    <svg
      aria-hidden={true}
      className="icon_component icon-button-padding icon_component--no-focus-style"
      fill="currentColor"
      height="20"
      onClick={[Function]}
      viewBox="0 0 20 20"
      width="20"
    >
      <path
        clipRule="evenodd"
        d="M3.53033 2.46967C3.23744 2.17678 2.76256 2.17678 2.46967 2.46967C2.17678 2.76256 2.17678 3.23744 2.46967 3.53033L8.97639 10.037L2.47093 16.5425C2.17804 16.8354 2.17804 17.3103 2.47093 17.6032C2.76382 17.8961 3.2387 17.8961 3.53159 17.6032L10.037 11.0977L16.5425 17.6032C16.8354 17.8961 17.3103 17.8961 17.6032 17.6032C17.8961 17.3103 17.8961 16.8354 17.6032 16.5425L11.0977 10.037L17.6044 3.53033C17.8973 3.23744 17.8973 2.76256 17.6044 2.46967C17.3115 2.17678 16.8367 2.17678 16.5438 2.46967L10.037 8.97639L3.53033 2.46967Z"
        fill="currentColor"
        fillRule="evenodd"
      />
    </svg>
  </button>
</div>
`;

exports[`IconButton renders correctly with id 1`] = `
<div
  className="iconButtonContainer"
>
  <button
    aria-busy={false}
    aria-disabled={false}
    className="l3-style-button l3-style-button--size-medium l3-style-button--kind-primary l3-style-button--color-primary l3-style-button--no-side-padding"
    data-testid="icon-button_icon-button"
    id="icon-button"
    onBlur={[Function]}
    onClick={[Function]}
    onFocus={[Function]}
    onMouseDown={[Function]}
    onMouseUp={[Function]}
    style={
      Object {
        "alignItems": "center",
        "height": "56px",
        "justifyContent": "center",
        "padding": 0,
        "width": "56px",
      }
    }
    type="button"
  >
    <svg
      aria-hidden={true}
      className="icon_component icon-button-padding icon_component--no-focus-style"
      fill="currentColor"
      height="20"
      onClick={[Function]}
      viewBox="0 0 20 20"
      width="20"
    >
      <path
        clipRule="evenodd"
        d="M3.53033 2.46967C3.23744 2.17678 2.76256 2.17678 2.46967 2.46967C2.17678 2.76256 2.17678 3.23744 2.46967 3.53033L8.97639 10.037L2.47093 16.5425C2.17804 16.8354 2.17804 17.3103 2.47093 17.6032C2.76382 17.8961 3.2387 17.8961 3.53159 17.6032L10.037 11.0977L16.5425 17.6032C16.8354 17.8961 17.3103 17.8961 17.6032 17.6032C17.8961 17.3103 17.8961 16.8354 17.6032 16.5425L11.0977 10.037L17.6044 3.53033C17.8973 3.23744 17.8973 2.76256 17.6044 2.46967C17.3115 2.17678 16.8367 2.17678 16.5438 2.46967L10.037 8.97639L3.53033 2.46967Z"
        fill="currentColor"
        fillRule="evenodd"
      />
    </svg>
  </button>
</div>
`;

exports[`IconButton renders correctly with size - large 1`] = `
<div
  className="iconButtonContainer"
>
  <button
    aria-busy={false}
    aria-disabled={false}
    className="l3-style-button l3-style-button--size-medium l3-style-button--kind-primary l3-style-button--color-primary l3-style-button--no-side-padding"
    data-testid="icon-button"
    onBlur={[Function]}
    onClick={[Function]}
    onFocus={[Function]}
    onMouseDown={[Function]}
    onMouseUp={[Function]}
    style={
      Object {
        "alignItems": "center",
        "height": "56px",
        "justifyContent": "center",
        "padding": 0,
        "width": "56px",
      }
    }
    type="button"
  >
    <svg
      aria-hidden={true}
      className="icon_component icon-button-padding icon_component--no-focus-style"
      fill="currentColor"
      height="20"
      onClick={[Function]}
      viewBox="0 0 20 20"
      width="20"
    >
      <path
        clipRule="evenodd"
        d="M3.53033 2.46967C3.23744 2.17678 2.76256 2.17678 2.46967 2.46967C2.17678 2.76256 2.17678 3.23744 2.46967 3.53033L8.97639 10.037L2.47093 16.5425C2.17804 16.8354 2.17804 17.3103 2.47093 17.6032C2.76382 17.8961 3.2387 17.8961 3.53159 17.6032L10.037 11.0977L16.5425 17.6032C16.8354 17.8961 17.3103 17.8961 17.6032 17.6032C17.8961 17.3103 17.8961 16.8354 17.6032 16.5425L11.0977 10.037L17.6044 3.53033C17.8973 3.23744 17.8973 2.76256 17.6044 2.46967C17.3115 2.17678 16.8367 2.17678 16.5438 2.46967L10.037 8.97639L3.53033 2.46967Z"
        fill="currentColor"
        fillRule="evenodd"
      />
    </svg>
  </button>
</div>
`;

exports[`IconButton renders correctly with size - medium 1`] = `
<div
  className="iconButtonContainer"
>
  <button
    aria-busy={false}
    aria-disabled={false}
    className="l3-style-button l3-style-button--size-medium l3-style-button--kind-primary l3-style-button--color-primary l3-style-button--no-side-padding"
    data-testid="icon-button"
    onBlur={[Function]}
    onClick={[Function]}
    onFocus={[Function]}
    onMouseDown={[Function]}
    onMouseUp={[Function]}
    style={
      Object {
        "alignItems": "center",
        "height": "40px",
        "justifyContent": "center",
        "padding": 0,
        "width": "40px",
      }
    }
    type="button"
  >
    <svg
      aria-hidden={true}
      className="icon_component icon-button-padding icon_component--no-focus-style"
      fill="currentColor"
      height="24"
      onClick={[Function]}
      viewBox="0 0 20 20"
      width="24"
    >
      <path
        clipRule="evenodd"
        d="M3.53033 2.46967C3.23744 2.17678 2.76256 2.17678 2.46967 2.46967C2.17678 2.76256 2.17678 3.23744 2.46967 3.53033L8.97639 10.037L2.47093 16.5425C2.17804 16.8354 2.17804 17.3103 2.47093 17.6032C2.76382 17.8961 3.2387 17.8961 3.53159 17.6032L10.037 11.0977L16.5425 17.6032C16.8354 17.8961 17.3103 17.8961 17.6032 17.6032C17.8961 17.3103 17.8961 16.8354 17.6032 16.5425L11.0977 10.037L17.6044 3.53033C17.8973 3.23744 17.8973 2.76256 17.6044 2.46967C17.3115 2.17678 16.8367 2.17678 16.5438 2.46967L10.037 8.97639L3.53033 2.46967Z"
        fill="currentColor"
        fillRule="evenodd"
      />
    </svg>
  </button>
</div>
`;

exports[`IconButton renders correctly with size - small 1`] = `
<div
  className="iconButtonContainer"
>
  <button
    aria-busy={false}
    aria-disabled={false}
    className="l3-style-button l3-style-button--size-medium l3-style-button--kind-primary l3-style-button--color-primary l3-style-button--no-side-padding"
    data-testid="icon-button"
    onBlur={[Function]}
    onClick={[Function]}
    onFocus={[Function]}
    onMouseDown={[Function]}
    onMouseUp={[Function]}
    style={
      Object {
        "alignItems": "center",
        "height": "36px",
        "justifyContent": "center",
        "padding": 0,
        "width": "36px",
      }
    }
    type="button"
  >
    <svg
      aria-hidden={true}
      className="icon_component icon-button-padding icon_component--no-focus-style"
      fill="currentColor"
      height="16"
      onClick={[Function]}
      viewBox="0 0 20 20"
      width="16"
    >
      <path
        clipRule="evenodd"
        d="M3.53033 2.46967C3.23744 2.17678 2.76256 2.17678 2.46967 2.46967C2.17678 2.76256 2.17678 3.23744 2.46967 3.53033L8.97639 10.037L2.47093 16.5425C2.17804 16.8354 2.17804 17.3103 2.47093 17.6032C2.76382 17.8961 3.2387 17.8961 3.53159 17.6032L10.037 11.0977L16.5425 17.6032C16.8354 17.8961 17.3103 17.8961 17.6032 17.6032C17.8961 17.3103 17.8961 16.8354 17.6032 16.5425L11.0977 10.037L17.6044 3.53033C17.8973 3.23744 17.8973 2.76256 17.6044 2.46967C17.3115 2.17678 16.8367 2.17678 16.5438 2.46967L10.037 8.97639L3.53033 2.46967Z"
        fill="currentColor"
        fillRule="evenodd"
      />
    </svg>
  </button>
</div>
`;

exports[`IconButton renders correctly with size - xs 1`] = `
<div
  className="iconButtonContainer"
>
  <button
    aria-busy={false}
    aria-disabled={false}
    className="l3-style-button l3-style-button--size-medium l3-style-button--kind-primary l3-style-button--color-primary l3-style-button--no-side-padding"
    data-testid="icon-button"
    onBlur={[Function]}
    onClick={[Function]}
    onFocus={[Function]}
    onMouseDown={[Function]}
    onMouseUp={[Function]}
    style={
      Object {
        "alignItems": "center",
        "height": "24px",
        "justifyContent": "center",
        "padding": 0,
        "width": "24px",
      }
    }
    type="button"
  >
    <svg
      aria-hidden={true}
      className="icon_component icon-button-padding icon_component--no-focus-style"
      fill="currentColor"
      height="24"
      onClick={[Function]}
      viewBox="0 0 20 20"
      width="24"
    >
      <path
        clipRule="evenodd"
        d="M3.53033 2.46967C3.23744 2.17678 2.76256 2.17678 2.46967 2.46967C2.17678 2.76256 2.17678 3.23744 2.46967 3.53033L8.97639 10.037L2.47093 16.5425C2.17804 16.8354 2.17804 17.3103 2.47093 17.6032C2.76382 17.8961 3.2387 17.8961 3.53159 17.6032L10.037 11.0977L16.5425 17.6032C16.8354 17.8961 17.3103 17.8961 17.6032 17.6032C17.8961 17.3103 17.8961 16.8354 17.6032 16.5425L11.0977 10.037L17.6044 3.53033C17.8973 3.23744 17.8973 2.76256 17.6044 2.46967C17.3115 2.17678 16.8367 2.17678 16.5438 2.46967L10.037 8.97639L3.53033 2.46967Z"
        fill="currentColor"
        fillRule="evenodd"
      />
    </svg>
  </button>
</div>
`;

exports[`IconButton renders correctly with size - xxs 1`] = `
<div
  className="iconButtonContainer"
>
  <button
    aria-busy={false}
    aria-disabled={false}
    className="l3-style-button l3-style-button--size-medium l3-style-button--kind-primary l3-style-button--color-primary l3-style-button--no-side-padding"
    data-testid="icon-button"
    onBlur={[Function]}
    onClick={[Function]}
    onFocus={[Function]}
    onMouseDown={[Function]}
    onMouseUp={[Function]}
    style={
      Object {
        "alignItems": "center",
        "height": "16px",
        "justifyContent": "center",
        "padding": 0,
        "width": "16px",
      }
    }
    type="button"
  >
    <svg
      aria-hidden={true}
      className="icon_component icon-button-padding icon_component--no-focus-style"
      fill="currentColor"
      height="24"
      onClick={[Function]}
      viewBox="0 0 20 20"
      width="24"
    >
      <path
        clipRule="evenodd"
        d="M3.53033 2.46967C3.23744 2.17678 2.76256 2.17678 2.46967 2.46967C2.17678 2.76256 2.17678 3.23744 2.46967 3.53033L8.97639 10.037L2.47093 16.5425C2.17804 16.8354 2.17804 17.3103 2.47093 17.6032C2.76382 17.8961 3.2387 17.8961 3.53159 17.6032L10.037 11.0977L16.5425 17.6032C16.8354 17.8961 17.3103 17.8961 17.6032 17.6032C17.8961 17.3103 17.8961 16.8354 17.6032 16.5425L11.0977 10.037L17.6044 3.53033C17.8973 3.23744 17.8973 2.76256 17.6044 2.46967C17.3115 2.17678 16.8367 2.17678 16.5438 2.46967L10.037 8.97639L3.53033 2.46967Z"
        fill="currentColor"
        fillRule="evenodd"
      />
    </svg>
  </button>
</div>
`;
