// Jest Snapshot v1, https://goo.gl/fbAQLP

exports[`Tags renders correctly renders correctly disabled tag 1`] = `
<div
  className="tagsWrapper"
>
  <div
    className="tags tags--wrapper disabled"
    data-testid="tag"
    style={
      Object {
        "background": undefined,
      }
    }
  >
    <div
      className="label"
    >
      
    </div>
  </div>
</div>
`;

exports[`Tags renders correctly renders correctly with color 1`] = `
<div
  className="tagsWrapper"
>
  <div
    className="tags tags--wrapper withClose"
    data-testid="tag"
    style={
      Object {
        "background": "var(--color-gradient-blue)",
      }
    }
  >
    <div
      className="label"
    >
      
    </div>
    <div
      className="iconButtonContainer"
    >
      <button
        aria-busy={false}
        aria-disabled={false}
        aria-label="Remove"
        className="l3_style_circle_button l3-style-button l3-style-button--size-medium l3-style-button--kind-tertiary l3-style-button--color-on-primary-color l3-style-button--no-side-padding"
        data-testid="tag-close"
        onBlur={[Function]}
        onClick={[Function]}
        onFocus={[Function]}
        onMouseDown={[Function]}
        onMouseUp={[Function]}
        style={
          Object {
            "alignItems": "center",
            "height": "16px",
            "justifyContent": "center",
            "padding": 0,
            "width": "16px",
          }
        }
        type="button"
      >
        <svg
          aria-hidden={true}
          className="icon_component icon-button-padding icon_component--no-focus-style"
          fill="currentColor"
          height="16"
          onClick={[Function]}
          viewBox="0 0 20 20"
          width="16"
        >
          <path
            clipRule="evenodd"
            d="M6.53033 5.46967C6.23744 5.17678 5.76256 5.17678 5.46967 5.46967C5.17678 5.76256 5.17678 6.23744 5.46967 6.53033L8.62562 9.68628L5.47045 12.8415C5.17756 13.1343 5.17756 13.6092 5.47045 13.9021C5.76334 14.195 6.23822 14.195 6.53111 13.9021L9.68628 10.7469L12.8415 13.9021C13.1343 14.195 13.6092 14.195 13.9021 13.9021C14.195 13.6092 14.195 13.1343 13.9021 12.8415L10.7469 9.68628L13.9029 6.53033C14.1958 6.23744 14.1958 5.76256 13.9029 5.46967C13.61 5.17678 13.1351 5.17678 12.8422 5.46967L9.68628 8.62562L6.53033 5.46967Z"
            fill="currentColor"
            fillRule="evenodd"
          />
        </svg>
      </button>
    </div>
  </div>
</div>
`;

exports[`Tags renders correctly renders correctly with empty props 1`] = `
<div
  className="tagsWrapper"
>
  <div
    className="tags tags--wrapper withClose"
    data-testid="tag"
    style={
      Object {
        "background": "var(--color-gradient-blue)",
      }
    }
  >
    <div
      className="label"
    >
      
    </div>
    <div
      className="iconButtonContainer"
    >
      <button
        aria-busy={false}
        aria-disabled={false}
        aria-label="Remove"
        className="l3_style_circle_button l3-style-button l3-style-button--size-medium l3-style-button--kind-tertiary l3-style-button--color-on-primary-color l3-style-button--no-side-padding"
        data-testid="tag-close"
        onBlur={[Function]}
        onClick={[Function]}
        onFocus={[Function]}
        onMouseDown={[Function]}
        onMouseUp={[Function]}
        style={
          Object {
            "alignItems": "center",
            "height": "16px",
            "justifyContent": "center",
            "padding": 0,
            "width": "16px",
          }
        }
        type="button"
      >
        <svg
          aria-hidden={true}
          className="icon_component icon-button-padding icon_component--no-focus-style"
          fill="currentColor"
          height="16"
          onClick={[Function]}
          viewBox="0 0 20 20"
          width="16"
        >
          <path
            clipRule="evenodd"
            d="M6.53033 5.46967C6.23744 5.17678 5.76256 5.17678 5.46967 5.46967C5.17678 5.76256 5.17678 6.23744 5.46967 6.53033L8.62562 9.68628L5.47045 12.8415C5.17756 13.1343 5.17756 13.6092 5.47045 13.9021C5.76334 14.195 6.23822 14.195 6.53111 13.9021L9.68628 10.7469L12.8415 13.9021C13.1343 14.195 13.6092 14.195 13.9021 13.9021C14.195 13.6092 14.195 13.1343 13.9021 12.8415L10.7469 9.68628L13.9029 6.53033C14.1958 6.23744 14.1958 5.76256 13.9029 5.46967C13.61 5.17678 13.1351 5.17678 12.8422 5.46967L9.68628 8.62562L6.53033 5.46967Z"
            fill="currentColor"
            fillRule="evenodd"
          />
        </svg>
      </button>
    </div>
  </div>
</div>
`;

exports[`Tags renders correctly renders correctly with left avatar 1`] = `
<div
  className="tagsWrapper"
>
  <div
    className="tags tags--wrapper"
    data-testid="tag"
    style={
      Object {
        "background": "var(--color-gradient-blue)",
      }
    }
  >
    <div
      className="l3-style-avatar avatar left l3-style-avatar--large"
      style={
        Object {
          "height": 18,
          "width": 18,
        }
      }
    >
      <div
        aria-hidden={false}
        className="l3-style-avatar_circle l3-style-avatar_circle--img l3-style-avatar_circle--without-border"
        style={Object {}}
        tabIndex={0}
      >
        <img
          className="l3-style-avatar-content_img l3-style-avatar-content_img--large"
          src="person1.png"
        />
      </div>
    </div>
    <div
      className="label"
    >
      
    </div>
  </div>
</div>
`;

exports[`Tags renders correctly renders correctly with left icon 1`] = `
<div
  className="tagsWrapper"
>
  <div
    className="tags tags--wrapper"
    data-testid="tag"
    style={
      Object {
        "background": "var(--color-gradient-blue)",
      }
    }
  >
    <svg
      aria-hidden={true}
      className="icon_component icon left icon_component--no-focus-style"
      fill="currentColor"
      height="16"
      onClick={[Function]}
      viewBox="0 0 40 40"
      width="16"
    >
      <g
        filter="url(#filter0_bd_718_13622)"
      >
        <path
          d="M14.7327 28H26.2643C28.0668 28 29 27.0517 29 25.2354V14.7646C29 12.9483 28.0668 12 26.2643 12H14.7327C12.9331 12 12 12.9348 12 14.7646V25.2354C12 27.0517 12.9331 28 14.7327 28ZM14.7099 26.2845C14.0349 26.2845 13.6834 25.955 13.6834 25.2182V17.2577C13.6834 16.5105 14.0613 16.1406 14.7759 16.1406H26.2212C26.9225 16.1406 27.3166 16.5105 27.3166 17.2577V25.2182C27.3166 25.955 26.9754 26.2845 26.274 26.2845H14.7099ZM18.8271 19.2544H19.4109C19.7695 19.2544 19.8983 19.1498 19.8983 18.7831V18.1861C19.8983 17.8104 19.7695 17.6876 19.4109 17.6876H18.8271C18.4598 17.6876 18.3529 17.8104 18.3529 18.1861V18.7831C18.3529 19.1498 18.4598 19.2544 18.8271 19.2544ZM21.589 19.2544H22.1701C22.5373 19.2544 22.647 19.1498 22.647 18.7831V18.1861C22.647 17.8104 22.5373 17.6876 22.1701 17.6876H21.589C21.2275 17.6876 21.112 17.8104 21.112 18.1861V18.7831C21.112 19.1498 21.2275 19.2544 21.589 19.2544ZM24.3408 19.2544H24.9058C25.2701 19.2544 25.3959 19.1498 25.3959 18.7831V18.1861C25.3959 17.8104 25.2701 17.6876 24.9058 17.6876H24.3408C23.9633 17.6876 23.8478 17.8104 23.8478 18.1861V18.7831C23.8478 19.1498 23.9633 19.2544 24.3408 19.2544ZM16.0943 22.0161H16.6724C17.0367 22.0161 17.1494 21.9115 17.1494 21.5448V20.9507C17.1494 20.5781 17.0367 20.4523 16.6724 20.4523H16.0943C15.7299 20.4523 15.6012 20.5781 15.6012 20.9507V21.5448C15.6012 21.9115 15.7299 22.0161 16.0943 22.0161ZM18.8271 22.0161H19.4109C19.7695 22.0161 19.8983 21.9115 19.8983 21.5448V20.9507C19.8983 20.5781 19.7695 20.4523 19.4109 20.4523H18.8271C18.4598 20.4523 18.3529 20.5781 18.3529 20.9507V21.5448C18.3529 21.9115 18.4598 22.0161 18.8271 22.0161ZM21.589 22.0161H22.1701C22.5373 22.0161 22.647 21.9115 22.647 21.5448V20.9507C22.647 20.5781 22.5373 20.4523 22.1701 20.4523H21.589C21.2275 20.4523 21.112 20.5781 21.112 20.9507V21.5448C21.112 21.9115 21.2275 22.0161 21.589 22.0161ZM24.3408 22.0161H24.9058C25.2701 22.0161 25.3959 21.9115 25.3959 21.5448V20.9507C25.3959 20.5781 25.2701 20.4523 24.9058 20.4523H24.3408C23.9633 20.4523 23.8478 20.5781 23.8478 20.9507V21.5448C23.8478 21.9115 23.9633 22.0161 24.3408 22.0161ZM16.0943 24.7944H16.6724C17.0367 24.7944 17.1494 24.682 17.1494 24.3094V23.696C17.1494 23.3457 17.0367 23.2245 16.6724 23.2245H16.0943C15.7299 23.2245 15.6012 23.3457 15.6012 23.696V24.3094C15.6012 24.682 15.7299 24.7944 16.0943 24.7944ZM18.8271 24.7944H19.4109C19.7695 24.7944 19.8983 24.682 19.8983 24.3094V23.696C19.8983 23.3457 19.7695 23.2245 19.4109 23.2245H18.8271C18.4598 23.2245 18.3529 23.3457 18.3529 23.696V24.3094C18.3529 24.682 18.4598 24.7944 18.8271 24.7944ZM21.589 24.7944H22.1701C22.5373 24.7944 22.647 24.682 22.647 24.3094V23.696C22.647 23.3457 22.5373 23.2245 22.1701 23.2245H21.589C21.2275 23.2245 21.112 23.3457 21.112 23.696V24.3094C21.112 24.682 21.2275 24.7944 21.589 24.7944Z"
          fill="#fff"
        />
      </g>
      <defs>
        <filter
          colorInterpolationFilters="sRGB"
          filterUnits="userSpaceOnUse"
          height="60"
          id="filter0_bd_718_13622"
          width="60"
          x="-10"
          y="-10"
        >
          <feFlood
            floodOpacity="0"
            result="BackgroundImageFix"
          />
          <feGaussianBlur
            in="BackgroundImageFix"
            stdDeviation="5"
          />
          <feComposite
            in2="SourceAlpha"
            operator="in"
            result="effect1_backgroundBlur_718_13622"
          />
          <feColorMatrix
            in="SourceAlpha"
            result="hardAlpha"
            values="0 0 0 0 0 0 0 0 0 0 0 0 0 0 0 0 0 0 127 0"
          />
          <feOffset
            dy="1"
          />
          <feGaussianBlur
            stdDeviation="1.5"
          />
          <feColorMatrix
            values="0 0 0 0 0 0 0 0 0 0 0 0 0 0 0 0 0 0 0.2 0"
          />
          <feBlend
            in2="effect1_backgroundBlur_718_13622"
            result="effect2_dropShadow_718_13622"
          />
          <feBlend
            in="SourceGraphic"
            in2="effect2_dropShadow_718_13622"
            result="shape"
          />
        </filter>
      </defs>
    </svg>
    <div
      className="label"
    >
      
    </div>
  </div>
</div>
`;

exports[`Tags renders correctly renders correctly with right avatar 1`] = `
<div
  className="tagsWrapper"
>
  <div
    className="tags tags--wrapper"
    data-testid="tag"
    style={
      Object {
        "background": "var(--color-gradient-blue)",
      }
    }
  >
    <div
      className="label"
    >
      
    </div>
    <div
      className="l3-style-avatar avatar right l3-style-avatar--large"
      style={
        Object {
          "height": 16,
          "width": 16,
        }
      }
    >
      <div
        aria-hidden={false}
        className="l3-style-avatar_circle l3-style-avatar_circle--img l3-style-avatar_circle--without-border"
        style={Object {}}
        tabIndex={0}
      >
        <img
          className="l3-style-avatar-content_img l3-style-avatar-content_img--large"
          src="person1.png"
        />
      </div>
    </div>
  </div>
</div>
`;

exports[`Tags renders correctly renders correctly with right icon 1`] = `
<div
  className="tagsWrapper"
>
  <div
    className="tags tags--wrapper"
    data-testid="tag"
    style={
      Object {
        "background": "var(--color-gradient-blue)",
      }
    }
  >
    <div
      className="label"
    >
      
    </div>
    <svg
      aria-hidden={true}
      className="icon_component icon right icon_component--no-focus-style"
      fill="currentColor"
      height="16"
      onClick={[Function]}
      viewBox="0 0 40 40"
      width="16"
    >
      <g
        filter="url(#filter0_bd_718_13622)"
      >
        <path
          d="M14.7327 28H26.2643C28.0668 28 29 27.0517 29 25.2354V14.7646C29 12.9483 28.0668 12 26.2643 12H14.7327C12.9331 12 12 12.9348 12 14.7646V25.2354C12 27.0517 12.9331 28 14.7327 28ZM14.7099 26.2845C14.0349 26.2845 13.6834 25.955 13.6834 25.2182V17.2577C13.6834 16.5105 14.0613 16.1406 14.7759 16.1406H26.2212C26.9225 16.1406 27.3166 16.5105 27.3166 17.2577V25.2182C27.3166 25.955 26.9754 26.2845 26.274 26.2845H14.7099ZM18.8271 19.2544H19.4109C19.7695 19.2544 19.8983 19.1498 19.8983 18.7831V18.1861C19.8983 17.8104 19.7695 17.6876 19.4109 17.6876H18.8271C18.4598 17.6876 18.3529 17.8104 18.3529 18.1861V18.7831C18.3529 19.1498 18.4598 19.2544 18.8271 19.2544ZM21.589 19.2544H22.1701C22.5373 19.2544 22.647 19.1498 22.647 18.7831V18.1861C22.647 17.8104 22.5373 17.6876 22.1701 17.6876H21.589C21.2275 17.6876 21.112 17.8104 21.112 18.1861V18.7831C21.112 19.1498 21.2275 19.2544 21.589 19.2544ZM24.3408 19.2544H24.9058C25.2701 19.2544 25.3959 19.1498 25.3959 18.7831V18.1861C25.3959 17.8104 25.2701 17.6876 24.9058 17.6876H24.3408C23.9633 17.6876 23.8478 17.8104 23.8478 18.1861V18.7831C23.8478 19.1498 23.9633 19.2544 24.3408 19.2544ZM16.0943 22.0161H16.6724C17.0367 22.0161 17.1494 21.9115 17.1494 21.5448V20.9507C17.1494 20.5781 17.0367 20.4523 16.6724 20.4523H16.0943C15.7299 20.4523 15.6012 20.5781 15.6012 20.9507V21.5448C15.6012 21.9115 15.7299 22.0161 16.0943 22.0161ZM18.8271 22.0161H19.4109C19.7695 22.0161 19.8983 21.9115 19.8983 21.5448V20.9507C19.8983 20.5781 19.7695 20.4523 19.4109 20.4523H18.8271C18.4598 20.4523 18.3529 20.5781 18.3529 20.9507V21.5448C18.3529 21.9115 18.4598 22.0161 18.8271 22.0161ZM21.589 22.0161H22.1701C22.5373 22.0161 22.647 21.9115 22.647 21.5448V20.9507C22.647 20.5781 22.5373 20.4523 22.1701 20.4523H21.589C21.2275 20.4523 21.112 20.5781 21.112 20.9507V21.5448C21.112 21.9115 21.2275 22.0161 21.589 22.0161ZM24.3408 22.0161H24.9058C25.2701 22.0161 25.3959 21.9115 25.3959 21.5448V20.9507C25.3959 20.5781 25.2701 20.4523 24.9058 20.4523H24.3408C23.9633 20.4523 23.8478 20.5781 23.8478 20.9507V21.5448C23.8478 21.9115 23.9633 22.0161 24.3408 22.0161ZM16.0943 24.7944H16.6724C17.0367 24.7944 17.1494 24.682 17.1494 24.3094V23.696C17.1494 23.3457 17.0367 23.2245 16.6724 23.2245H16.0943C15.7299 23.2245 15.6012 23.3457 15.6012 23.696V24.3094C15.6012 24.682 15.7299 24.7944 16.0943 24.7944ZM18.8271 24.7944H19.4109C19.7695 24.7944 19.8983 24.682 19.8983 24.3094V23.696C19.8983 23.3457 19.7695 23.2245 19.4109 23.2245H18.8271C18.4598 23.2245 18.3529 23.3457 18.3529 23.696V24.3094C18.3529 24.682 18.4598 24.7944 18.8271 24.7944ZM21.589 24.7944H22.1701C22.5373 24.7944 22.647 24.682 22.647 24.3094V23.696C22.647 23.3457 22.5373 23.2245 22.1701 23.2245H21.589C21.2275 23.2245 21.112 23.3457 21.112 23.696V24.3094C21.112 24.682 21.2275 24.7944 21.589 24.7944Z"
          fill="#fff"
        />
      </g>
      <defs>
        <filter
          colorInterpolationFilters="sRGB"
          filterUnits="userSpaceOnUse"
          height="60"
          id="filter0_bd_718_13622"
          width="60"
          x="-10"
          y="-10"
        >
          <feFlood
            floodOpacity="0"
            result="BackgroundImageFix"
          />
          <feGaussianBlur
            in="BackgroundImageFix"
            stdDeviation="5"
          />
          <feComposite
            in2="SourceAlpha"
            operator="in"
            result="effect1_backgroundBlur_718_13622"
          />
          <feColorMatrix
            in="SourceAlpha"
            result="hardAlpha"
            values="0 0 0 0 0 0 0 0 0 0 0 0 0 0 0 0 0 0 127 0"
          />
          <feOffset
            dy="1"
          />
          <feGaussianBlur
            stdDeviation="1.5"
          />
          <feColorMatrix
            values="0 0 0 0 0 0 0 0 0 0 0 0 0 0 0 0 0 0 0.2 0"
          />
          <feBlend
            in2="effect1_backgroundBlur_718_13622"
            result="effect2_dropShadow_718_13622"
          />
          <feBlend
            in="SourceGraphic"
            in2="effect2_dropShadow_718_13622"
            result="shape"
          />
        </filter>
      </defs>
    </svg>
  </div>
</div>
`;

exports[`Tags renders correctly renders correctly with text 1`] = `
<div
  className="tagsWrapper"
>
  <div
    className="tags tags--wrapper withClose"
    data-testid="tag"
    style={
      Object {
        "background": "var(--color-gradient-blue)",
      }
    }
  >
    <div
      className="label"
    >
      text
    </div>
    <div
      className="iconButtonContainer"
    >
      <button
        aria-busy={false}
        aria-disabled={false}
        aria-label="Remove"
        className="l3_style_circle_button l3-style-button l3-style-button--size-medium l3-style-button--kind-tertiary l3-style-button--color-on-primary-color l3-style-button--no-side-padding"
        data-testid="tag-close"
        onBlur={[Function]}
        onClick={[Function]}
        onFocus={[Function]}
        onMouseDown={[Function]}
        onMouseUp={[Function]}
        style={
          Object {
            "alignItems": "center",
            "height": "16px",
            "justifyContent": "center",
            "padding": 0,
            "width": "16px",
          }
        }
        type="button"
      >
        <svg
          aria-hidden={true}
          className="icon_component icon-button-padding icon_component--no-focus-style"
          fill="currentColor"
          height="16"
          onClick={[Function]}
          viewBox="0 0 20 20"
          width="16"
        >
          <path
            clipRule="evenodd"
            d="M6.53033 5.46967C6.23744 5.17678 5.76256 5.17678 5.46967 5.46967C5.17678 5.76256 5.17678 6.23744 5.46967 6.53033L8.62562 9.68628L5.47045 12.8415C5.17756 13.1343 5.17756 13.6092 5.47045 13.9021C5.76334 14.195 6.23822 14.195 6.53111 13.9021L9.68628 10.7469L12.8415 13.9021C13.1343 14.195 13.6092 14.195 13.9021 13.9021C14.195 13.6092 14.195 13.1343 13.9021 12.8415L10.7469 9.68628L13.9029 6.53033C14.1958 6.23744 14.1958 5.76256 13.9029 5.46967C13.61 5.17678 13.1351 5.17678 12.8422 5.46967L9.68628 8.62562L6.53033 5.46967Z"
            fill="currentColor"
            fillRule="evenodd"
          />
        </svg>
      </button>
    </div>
  </div>
</div>
`;

exports[`Tags renders correctly renders correctly without close button 1`] = `
<div
  className="tagsWrapper"
>
  <div
    className="tags tags--wrapper"
    data-testid="tag"
    style={
      Object {
        "background": "var(--color-gradient-blue)",
      }
    }
  >
    <div
      className="label"
    >
      
    </div>
  </div>
</div>
`;
